components/Agenda.tsx(184,13): error TS2345: Argument of type 'CommissionSetting[]' is not assignable to parameter of type 'Employee[]'.
  Type 'CommissionSetting' is missing the following properties from type 'Employee': name, role, baseSalary, admissionDate, active
components/Agenda_backup_utf8.tsx(211,44): error TS2367: This comparison appears to be unintentional because the types '"Pendente" | "Confirmado" | "Conclu├¡do" | "Cancelado" | "Em Andamento" | "Em atendimento" | "Aguardando"' and '"ConcluÔö£┬ído"' have no overlap.
components/Agenda_backup_utf8.tsx(313,13): error TS2367: This comparison appears to be unintentional because the types '"Pendente" | "Confirmado" | "Conclu├¡do" | "Em Andamento" | "Em atendimento" | "Aguardando"' and '"ConcluÔö£┬ído"' have no overlap.
components/Agenda_backup_utf8.tsx(516,15): error TS2741: Property 'amount' is missing in type '{ id: string; customerId: string; providerId: string; serviceId: string; date: string; time: string; status: "Pendente"; }' but required in type 'Appointment'.
components/Agenda_backup_utf8.tsx(748,56): error TS2551: Property 'avatarUrl' does not exist on type 'Provider'. Did you mean 'avatar'?
components/Agenda_backup_utf8.tsx(841,86): error TS2367: This comparison appears to be unintentional because the types '"Pendente" | "Confirmado" | "Conclu├¡do" | "Cancelado" | "Em Andamento" | "Em atendimento" | "Aguardando"' and '"ConcluÔö£┬ído"' have no overlap.
components/Agenda_backup_utf8.tsx(898,164): error TS2367: This comparison appears to be unintentional because the types '"Pendente" | "Conclu├¡do" | "Cancelado" | "Em Andamento" | "Em atendimento" | "Aguardando"' and '"ConcluÔö£┬ído"' have no overlap.
components/Agenda_backup_utf8.tsx(929,167): error TS2367: This comparison appears to be unintentional because the types '"Pendente" | "Conclu├¡do" | "Cancelado" | "Em Andamento" | "Em atendimento" | "Aguardando"' and '"ConcluÔö£┬ído"' have no overlap.
components/Agenda_backup_utf8.tsx(1023,73): error TS2367: This comparison appears to be unintentional because the types '"Pendente" | "Conclu├¡do" | "Cancelado" | "Em atendimento" | "Aguardando"' and '"ConcluÔö£┬ído"' have no overlap.
components/Agenda_backup_utf8.tsx(1043,85): error TS2367: This comparison appears to be unintentional because the types '"Pendente" | "Conclu├¡do" | "Cancelado" | "Em atendimento" | "Aguardando"' and '"ConcluÔö£┬ído"' have no overlap.
components/Agenda_backup_utf8.tsx(1046,78): error TS2367: This comparison appears to be unintentional because the types '"Pendente" | "Confirmado" | "Conclu├¡do" | "Cancelado" | "Em Andamento" | "Em atendimento" | "Aguardando"' and '"ConcluÔö£┬ído"' have no overlap.
components/Agenda_backup_utf8.tsx(1086,199): error TS2339: Property 'duration' does not exist on type 'Appointment'.
components/Agenda_backup_utf8.tsx(1097,101): error TS2367: This comparison appears to be unintentional because the types '"Pendente" | "Conclu├¡do" | "Cancelado" | "Em atendimento" | "Aguardando"' and '"ConcluÔö£┬ído"' have no overlap.
components/Agenda_backup_utf8.tsx(1322,22): error TS2741: Property 'allSales' is missing in type '{ appointment: Appointment; allAppointments: Appointment[]; customer: Customer; onClose: () => void; onUpdateAppointments: Dispatch<SetStateAction<Appointment[]>>; ... 8 more ...; customers: Customer[]; }' but required in type 'ServiceModalProps'.
components/Agenda_clean.tsx(211,44): error TS2367: This comparison appears to be unintentional because the types '"Pendente" | "Confirmado" | "Conclu├¡do" | "Cancelado" | "Em Andamento" | "Em atendimento" | "Aguardando"' and '"ConcluÔö£┬ído"' have no overlap.
components/Agenda_clean.tsx(313,13): error TS2367: This comparison appears to be unintentional because the types '"Pendente" | "Confirmado" | "Conclu├¡do" | "Em Andamento" | "Em atendimento" | "Aguardando"' and '"ConcluÔö£┬ído"' have no overlap.
components/Agenda_clean.tsx(516,15): error TS2741: Property 'amount' is missing in type '{ id: string; customerId: string; providerId: string; serviceId: string; date: string; time: string; status: "Pendente"; }' but required in type 'Appointment'.
components/Agenda_clean.tsx(748,56): error TS2551: Property 'avatarUrl' does not exist on type 'Provider'. Did you mean 'avatar'?
components/Agenda_clean.tsx(841,86): error TS2367: This comparison appears to be unintentional because the types '"Pendente" | "Confirmado" | "Conclu├¡do" | "Cancelado" | "Em Andamento" | "Em atendimento" | "Aguardando"' and '"ConcluÔö£┬ído"' have no overlap.
components/Agenda_clean.tsx(898,164): error TS2367: This comparison appears to be unintentional because the types '"Pendente" | "Conclu├¡do" | "Cancelado" | "Em Andamento" | "Em atendimento" | "Aguardando"' and '"ConcluÔö£┬ído"' have no overlap.
components/Agenda_clean.tsx(929,167): error TS2367: This comparison appears to be unintentional because the types '"Pendente" | "Conclu├¡do" | "Cancelado" | "Em Andamento" | "Em atendimento" | "Aguardando"' and '"ConcluÔö£┬ído"' have no overlap.
components/Agenda_clean.tsx(1023,73): error TS2367: This comparison appears to be unintentional because the types '"Pendente" | "Conclu├¡do" | "Cancelado" | "Em atendimento" | "Aguardando"' and '"ConcluÔö£┬ído"' have no overlap.
components/Agenda_clean.tsx(1043,85): error TS2367: This comparison appears to be unintentional because the types '"Pendente" | "Conclu├¡do" | "Cancelado" | "Em atendimento" | "Aguardando"' and '"ConcluÔö£┬ído"' have no overlap.
components/Agenda_clean.tsx(1046,78): error TS2367: This comparison appears to be unintentional because the types '"Pendente" | "Confirmado" | "Conclu├¡do" | "Cancelado" | "Em Andamento" | "Em atendimento" | "Aguardando"' and '"ConcluÔö£┬ído"' have no overlap.
components/Agenda_clean.tsx(1086,199): error TS2339: Property 'duration' does not exist on type 'Appointment'.
components/Agenda_clean.tsx(1097,101): error TS2367: This comparison appears to be unintentional because the types '"Pendente" | "Conclu├¡do" | "Cancelado" | "Em atendimento" | "Aguardando"' and '"ConcluÔö£┬ído"' have no overlap.
components/Agenda_clean.tsx(1322,22): error TS2741: Property 'allSales' is missing in type '{ appointment: Appointment; allAppointments: Appointment[]; customer: Customer; onClose: () => void; onUpdateAppointments: Dispatch<SetStateAction<Appointment[]>>; ... 8 more ...; customers: Customer[]; }' but required in type 'ServiceModalProps'.
components/Agenda_e6bfa83.tsx(211,44): error TS2367: This comparison appears to be unintentional because the types '"Pendente" | "Confirmado" | "Conclu├¡do" | "Cancelado" | "Em Andamento" | "Em atendimento" | "Aguardando"' and '"ConcluÔö£┬ído"' have no overlap.
components/Agenda_e6bfa83.tsx(313,13): error TS2367: This comparison appears to be unintentional because the types '"Pendente" | "Confirmado" | "Conclu├¡do" | "Em Andamento" | "Em atendimento" | "Aguardando"' and '"ConcluÔö£┬ído"' have no overlap.
components/Agenda_e6bfa83.tsx(516,15): error TS2741: Property 'amount' is missing in type '{ id: string; customerId: string; providerId: string; serviceId: string; date: string; time: string; status: "Pendente"; }' but required in type 'Appointment'.
components/Agenda_e6bfa83.tsx(748,56): error TS2551: Property 'avatarUrl' does not exist on type 'Provider'. Did you mean 'avatar'?
components/Agenda_e6bfa83.tsx(841,86): error TS2367: This comparison appears to be unintentional because the types '"Pendente" | "Confirmado" | "Conclu├¡do" | "Cancelado" | "Em Andamento" | "Em atendimento" | "Aguardando"' and '"ConcluÔö£┬ído"' have no overlap.
components/Agenda_e6bfa83.tsx(898,164): error TS2367: This comparison appears to be unintentional because the types '"Pendente" | "Conclu├¡do" | "Cancelado" | "Em Andamento" | "Em atendimento" | "Aguardando"' and '"ConcluÔö£┬ído"' have no overlap.
components/Agenda_e6bfa83.tsx(929,167): error TS2367: This comparison appears to be unintentional because the types '"Pendente" | "Conclu├¡do" | "Cancelado" | "Em Andamento" | "Em atendimento" | "Aguardando"' and '"ConcluÔö£┬ído"' have no overlap.
components/Agenda_e6bfa83.tsx(1023,73): error TS2367: This comparison appears to be unintentional because the types '"Pendente" | "Conclu├¡do" | "Cancelado" | "Em atendimento" | "Aguardando"' and '"ConcluÔö£┬ído"' have no overlap.
components/Agenda_e6bfa83.tsx(1043,85): error TS2367: This comparison appears to be unintentional because the types '"Pendente" | "Conclu├¡do" | "Cancelado" | "Em atendimento" | "Aguardando"' and '"ConcluÔö£┬ído"' have no overlap.
components/Agenda_e6bfa83.tsx(1046,78): error TS2367: This comparison appears to be unintentional because the types '"Pendente" | "Confirmado" | "Conclu├¡do" | "Cancelado" | "Em Andamento" | "Em atendimento" | "Aguardando"' and '"ConcluÔö£┬ído"' have no overlap.
components/Agenda_e6bfa83.tsx(1086,199): error TS2339: Property 'duration' does not exist on type 'Appointment'.
components/Agenda_e6bfa83.tsx(1097,101): error TS2367: This comparison appears to be unintentional because the types '"Pendente" | "Conclu├¡do" | "Cancelado" | "Em atendimento" | "Aguardando"' and '"ConcluÔö£┬ído"' have no overlap.
components/Agenda_e6bfa83.tsx(1322,22): error TS2741: Property 'allSales' is missing in type '{ appointment: Appointment; allAppointments: Appointment[]; customer: Customer; onClose: () => void; onUpdateAppointments: Dispatch<SetStateAction<Appointment[]>>; ... 8 more ...; customers: Customer[]; }' but required in type 'ServiceModalProps'.
components/Agenda_e6bfa83_utf8.tsx(862,56): error TS2551: Property 'avatarUrl' does not exist on type 'Provider'. Did you mean 'avatar'?
components/Agenda_e6bfa83_utf8.tsx(1229,199): error TS2339: Property 'duration' does not exist on type 'Appointment'.
components/Agenda_e6bfa83_utf8.tsx(1556,22): error TS2741: Property 'allSales' is missing in type '{ appointment: Appointment; allAppointments: Appointment[]; customer: Customer; onClose: () => void; onUpdateAppointments: Dispatch<SetStateAction<Appointment[]>>; ... 8 more ...; customers: Customer[]; }' but required in type 'ServiceModalProps'.
components/Closures.tsx(792,72): error TS2554: Expected 0 arguments, but got 2.
components/DailyAppointments.tsx(397,10): error TS2741: Property 'allSales' is missing in type '{ appointment: Appointment; allAppointments: Appointment[]; customer: Customer; onClose: () => void; onUpdateAppointments: Dispatch<SetStateAction<Appointment[]>>; ... 9 more ...; onNavigate: (view: ViewState, payload?: any) => void; }' but required in type 'ServiceModalProps'.
components/ServicesManagement.tsx(69,30): error TS2339: Property 'active' does not exist on type 'Partial<Service>'.
components/ServicesManagement.tsx(69,62): error TS2339: Property 'active' does not exist on type 'Partial<Service>'.
constants.ts(159,21): error TS2345: Argument of type '{ id: string; customerId: string; providerId: string; serviceId: string; date: string; time: string; status: "Conclu├¡do"; pricePaid: number; bookedPrice: number; commissionRateSnapshot: number; }' is not assignable to parameter of type 'Appointment'.
  Property 'amount' is missing in type '{ id: string; customerId: string; providerId: string; serviceId: string; date: string; time: string; status: "Conclu├¡do"; pricePaid: number; bookedPrice: number; commissionRateSnapshot: number; }' but required in type 'Appointment'.
constants.ts(161,21): error TS2345: Argument of type '{ id: string; customerId: string; providerId: string; serviceId: string; date: string; time: string; status: "Conclu├¡do"; pricePaid: number; bookedPrice: number; commissionRateSnapshot: number; }' is not assignable to parameter of type 'Appointment'.
  Property 'amount' is missing in type '{ id: string; customerId: string; providerId: string; serviceId: string; date: string; time: string; status: "Conclu├¡do"; pricePaid: number; bookedPrice: number; commissionRateSnapshot: number; }' but required in type 'Appointment'.
constants.ts(163,21): error TS2345: Argument of type '{ id: string; customerId: string; providerId: string; serviceId: string; date: string; time: string; status: "Conclu├¡do"; pricePaid: number; bookedPrice: number; commissionRateSnapshot: number; }' is not assignable to parameter of type 'Appointment'.
  Property 'amount' is missing in type '{ id: string; customerId: string; providerId: string; serviceId: string; date: string; time: string; status: "Conclu├¡do"; pricePaid: number; bookedPrice: number; commissionRateSnapshot: number; }' but required in type 'Appointment'.
constants.ts(165,21): error TS2345: Argument of type '{ id: string; customerId: string; providerId: string; serviceId: string; date: string; time: string; status: "Conclu├¡do"; pricePaid: number; bookedPrice: number; appliedCoupon: string; discountAmount: number; commissionRateSnapshot: number; }' is not assignable to parameter of type 'Appointment'.
  Property 'amount' is missing in type '{ id: string; customerId: string; providerId: string; serviceId: string; date: string; time: string; status: "Conclu├¡do"; pricePaid: number; bookedPrice: number; appliedCoupon: string; discountAmount: number; commissionRateSnapshot: number; }' but required in type 'Appointment'.
constants.ts(167,21): error TS2345: Argument of type '{ id: string; customerId: string; providerId: string; serviceId: string; date: string; time: string; status: "Conclu├¡do"; pricePaid: number; bookedPrice: number; commissionRateSnapshot: number; }' is not assignable to parameter of type 'Appointment'.
  Property 'amount' is missing in type '{ id: string; customerId: string; providerId: string; serviceId: string; date: string; time: string; status: "Conclu├¡do"; pricePaid: number; bookedPrice: number; commissionRateSnapshot: number; }' but required in type 'Appointment'.
constants.ts(169,21): error TS2345: Argument of type '{ id: string; customerId: string; providerId: string; serviceId: string; date: string; time: string; status: "Conclu├¡do"; pricePaid: number; bookedPrice: number; commissionRateSnapshot: number; }' is not assignable to parameter of type 'Appointment'.
  Property 'amount' is missing in type '{ id: string; customerId: string; providerId: string; serviceId: string; date: string; time: string; status: "Conclu├¡do"; pricePaid: number; bookedPrice: number; commissionRateSnapshot: number; }' but required in type 'Appointment'.
constants.ts(171,21): error TS2345: Argument of type '{ id: string; customerId: string; providerId: string; serviceId: string; date: string; time: string; status: "Em Andamento"; bookedPrice: number; commissionRateSnapshot: number; }' is not assignable to parameter of type 'Appointment'.
  Property 'amount' is missing in type '{ id: string; customerId: string; providerId: string; serviceId: string; date: string; time: string; status: "Em Andamento"; bookedPrice: number; commissionRateSnapshot: number; }' but required in type 'Appointment'.
constants.ts(173,21): error TS2345: Argument of type '{ id: string; customerId: string; providerId: string; serviceId: string; date: string; time: string; status: "Cancelado"; bookedPrice: number; commissionRateSnapshot: number; }' is not assignable to parameter of type 'Appointment'.
  Property 'amount' is missing in type '{ id: string; customerId: string; providerId: string; serviceId: string; date: string; time: string; status: "Cancelado"; bookedPrice: number; commissionRateSnapshot: number; }' but required in type 'Appointment'.
constants.ts(175,21): error TS2345: Argument of type '{ id: string; customerId: string; providerId: string; serviceId: string; date: string; time: string; status: "Conclu├¡do"; pricePaid: number; bookedPrice: number; commissionRateSnapshot: number; }' is not assignable to parameter of type 'Appointment'.
  Property 'amount' is missing in type '{ id: string; customerId: string; providerId: string; serviceId: string; date: string; time: string; status: "Conclu├¡do"; pricePaid: number; bookedPrice: number; commissionRateSnapshot: number; }' but required in type 'Appointment'.
constants.ts(177,21): error TS2345: Argument of type '{ id: string; customerId: string; providerId: string; serviceId: string; date: string; time: string; status: "Conclu├¡do"; pricePaid: number; bookedPrice: number; commissionRateSnapshot: number; }' is not assignable to parameter of type 'Appointment'.
  Property 'amount' is missing in type '{ id: string; customerId: string; providerId: string; serviceId: string; date: string; time: string; status: "Conclu├¡do"; pricePaid: number; bookedPrice: number; commissionRateSnapshot: number; }' but required in type 'Appointment'.
constants.ts(179,21): error TS2345: Argument of type '{ id: string; customerId: string; providerId: string; serviceId: string; date: string; time: string; status: "Conclu├¡do"; pricePaid: number; bookedPrice: number; commissionRateSnapshot: number; }' is not assignable to parameter of type 'Appointment'.
  Property 'amount' is missing in type '{ id: string; customerId: string; providerId: string; serviceId: string; date: string; time: string; status: "Conclu├¡do"; pricePaid: number; bookedPrice: number; commissionRateSnapshot: number; }' but required in type 'Appointment'.
constants.ts(181,21): error TS2345: Argument of type '{ id: string; customerId: string; providerId: string; serviceId: string; date: string; time: string; status: "Conclu├¡do"; pricePaid: number; bookedPrice: number; discountAmount: number; commissionRateSnapshot: number; }' is not assignable to parameter of type 'Appointment'.
  Property 'amount' is missing in type '{ id: string; customerId: string; providerId: string; serviceId: string; date: string; time: string; status: "Conclu├¡do"; pricePaid: number; bookedPrice: number; discountAmount: number; commissionRateSnapshot: number; }' but required in type 'Appointment'.
constants.ts(183,21): error TS2345: Argument of type '{ id: string; customerId: string; providerId: string; serviceId: string; date: string; time: string; status: "Conclu├¡do"; pricePaid: number; bookedPrice: number; combinedServiceNames: string; commissionRateSnapshot: number; }' is not assignable to parameter of type 'Appointment'.
  Property 'amount' is missing in type '{ id: string; customerId: string; providerId: string; serviceId: string; date: string; time: string; status: "Conclu├¡do"; pricePaid: number; bookedPrice: number; combinedServiceNames: string; commissionRateSnapshot: number; }' but required in type 'Appointment'.
constants.ts(185,21): error TS2345: Argument of type '{ id: string; customerId: string; providerId: string; serviceId: string; date: string; time: string; status: "Confirmado"; bookedPrice: number; commissionRateSnapshot: number; }' is not assignable to parameter of type 'Appointment'.
  Property 'amount' is missing in type '{ id: string; customerId: string; providerId: string; serviceId: string; date: string; time: string; status: "Confirmado"; bookedPrice: number; commissionRateSnapshot: number; }' but required in type 'Appointment'.
constants.ts(187,21): error TS2345: Argument of type '{ id: string; customerId: string; providerId: string; serviceId: string; date: string; time: string; status: "Conclu├¡do"; pricePaid: number; bookedPrice: number; commissionRateSnapshot: number; }' is not assignable to parameter of type 'Appointment'.
  Property 'amount' is missing in type '{ id: string; customerId: string; providerId: string; serviceId: string; date: string; time: string; status: "Conclu├¡do"; pricePaid: number; bookedPrice: number; commissionRateSnapshot: number; }' but required in type 'Appointment'.
constants.ts(198,23): error TS2345: Argument of type '{ id: string; customerId: string; providerId: string; serviceId: string; date: string; time: string; status: "Pendente" | "Confirmado"; bookedPrice: number; commissionRateSnapshot: number; appliedCoupon: string; }' is not assignable to parameter of type 'Appointment'.
  Property 'amount' is missing in type '{ id: string; customerId: string; providerId: string; serviceId: string; date: string; time: string; status: "Pendente" | "Confirmado"; bookedPrice: number; commissionRateSnapshot: number; appliedCoupon: string; }' but required in type 'Appointment'.
constants.ts(225,25): error TS2345: Argument of type '{ id: string; customerId: string; providerId: string; serviceId: string; date: string; time: string; status: "Conclu├¡do" | "Cancelado"; pricePaid: number; bookedPrice: number; commissionRateSnapshot: number; appliedCoupon: string; }' is not assignable to parameter of type 'Appointment'.
  Property 'amount' is missing in type '{ id: string; customerId: string; providerId: string; serviceId: string; date: string; time: string; status: "Conclu├¡do" | "Cancelado"; pricePaid: number; bookedPrice: number; commissionRateSnapshot: number; appliedCoupon: string; }' but required in type 'Appointment'.
constants.ts(254,25): error TS2345: Argument of type '{ id: string; customerId: string; providerId: string; serviceId: string; date: string; time: string; status: "Pendente" | "Confirmado"; bookedPrice: number; commissionRateSnapshot: number; appliedCoupon: string; }' is not assignable to parameter of type 'Appointment'.
  Property 'amount' is missing in type '{ id: string; customerId: string; providerId: string; serviceId: string; date: string; time: string; status: "Pendente" | "Confirmado"; bookedPrice: number; commissionRateSnapshot: number; appliedCoupon: string; }' but required in type 'Appointment'.
supabase/functions/issue-nfse/COPY_TO_DASHBOARD.ts(4,23): error TS2307: Cannot find module 'https://deno.land/std@0.168.0/http/server.ts' or its corresponding type declarations.
supabase/functions/issue-nfse/COPY_TO_DASHBOARD.ts(5,30): error TS2307: Cannot find module 'https://esm.sh/@supabase/supabase-js@2.39.3' or its corresponding type declarations.
supabase/functions/issue-nfse/COPY_TO_DASHBOARD.ts(23,13): error TS2304: Cannot find name 'Deno'.
supabase/functions/issue-nfse/COPY_TO_DASHBOARD.ts(24,13): error TS2304: Cannot find name 'Deno'.
supabase/functions/issue-nfse/COPY_TO_DASHBOARD_V2.ts(4,23): error TS2307: Cannot find module 'https://deno.land/std@0.168.0/http/server.ts' or its corresponding type declarations.
supabase/functions/issue-nfse/COPY_TO_DASHBOARD_V2.ts(5,30): error TS2307: Cannot find module 'https://esm.sh/@supabase/supabase-js@2.39.3' or its corresponding type declarations.
supabase/functions/issue-nfse/COPY_TO_DASHBOARD_V2.ts(27,13): error TS2304: Cannot find name 'Deno'.
supabase/functions/issue-nfse/COPY_TO_DASHBOARD_V2.ts(28,13): error TS2304: Cannot find name 'Deno'.
supabase/functions/issue-nfse/index.ts(1,23): error TS2307: Cannot find module 'https://deno.land/std@0.168.0/http/server.ts' or its corresponding type declarations.
supabase/functions/issue-nfse/index.ts(2,30): error TS2307: Cannot find module 'https://esm.sh/@supabase/supabase-js@2.39.3' or its corresponding type declarations.
supabase/functions/issue-nfse/index.ts(27,13): error TS2304: Cannot find name 'Deno'.
supabase/functions/issue-nfse/index.ts(28,13): error TS2304: Cannot find name 'Deno'.
supabase/functions/issue-nfse/index.ts(28,58): error TS2304: Cannot find name 'Deno'.
supabase/functions/register-company/index.ts(1,23): error TS2307: Cannot find module 'https://deno.land/std@0.168.0/http/server.ts' or its corresponding type declarations.
supabase/functions/register-company/index.ts(2,30): error TS2307: Cannot find module 'https://esm.sh/@supabase/supabase-js@2.39.3' or its corresponding type declarations.
supabase/functions/register-company/index.ts(15,13): error TS2304: Cannot find name 'Deno'.
supabase/functions/register-company/index.ts(16,13): error TS2304: Cannot find name 'Deno'.
supabase/functions/register-company/index.ts(16,58): error TS2304: Cannot find name 'Deno'.
supabase/functions/reset-password/index.ts(1,23): error TS2307: Cannot find module 'https://deno.land/std@0.168.0/http/server.ts' or its corresponding type declarations.
supabase/functions/reset-password/index.ts(2,30): error TS2307: Cannot find module 'https://esm.sh/@supabase/supabase-js@2.39.3' or its corresponding type declarations.
supabase/functions/reset-password/index.ts(21,13): error TS2304: Cannot find name 'Deno'.
supabase/functions/reset-password/index.ts(22,13): error TS2304: Cannot find name 'Deno'.
supabase/functions/upload-certificate/index.ts(1,23): error TS2307: Cannot find module 'https://deno.land/std@0.168.0/http/server.ts' or its corresponding type declarations.
supabase/functions/upload-certificate/index.ts(2,30): error TS2307: Cannot find module 'https://esm.sh/@supabase/supabase-js@2.39.3' or its corresponding type declarations.
supabase/functions/upload-certificate/index.ts(15,13): error TS2304: Cannot find name 'Deno'.
supabase/functions/upload-certificate/index.ts(16,13): error TS2304: Cannot find name 'Deno'.
supabase/functions/upload-certificate/index.ts(16,58): error TS2304: Cannot find name 'Deno'.
