node_modules/@supabase/auth-js/src/GoTrueClient.ts(719,7): error TS2322: Type '{ data: { weakPassword: WeakPassword; user: User; session: Session; }; error: AuthError; }' is not assignable to type 'AuthTokenResponsePassword'.
  Type '{ data: { weakPassword: WeakPassword; user: User; session: Session; }; error: AuthError; }' is not assignable to type '{ data: { user: null; session: null; weakPassword?: null; }; error: AuthError; }'.
    The types of 'data.user' are incompatible between these types.
      Type 'User' is not assignable to type 'null'.
node_modules/@supabase/auth-js/src/lib/errors.ts(51,3): error TS2612: Property 'status' will overwrite the base property in 'AuthError'. If this is intentional, add an initializer. Otherwise, add a 'declare' modifier or remove the redundant declaration.
node_modules/@supabase/auth-js/src/lib/errors.ts(101,3): error TS2612: Property 'status' will overwrite the base property in 'AuthError'. If this is intentional, add an initializer. Otherwise, add a 'declare' modifier or remove the redundant declaration.
node_modules/@supabase/auth-js/src/lib/helpers.ts(107,37): error TS2556: A spread argument must either have a tuple type or be passed to a rest parameter.
node_modules/@supabase/auth-js/src/lib/helpers.ts(109,29): error TS2556: A spread argument must either have a tuple type or be passed to a rest parameter.
node_modules/@supabase/functions-js/src/helper.ts(5,37): error TS2556: A spread argument must either have a tuple type or be passed to a rest parameter.
node_modules/@supabase/functions-js/src/helper.ts(7,29): error TS2556: A spread argument must either have a tuple type or be passed to a rest parameter.
node_modules/@supabase/realtime-js/src/lib/serializer.ts(57,71): error TS2345: Argument of type 'ArrayBufferLike' is not assignable to parameter of type 'ArrayBuffer'.
  Type 'SharedArrayBuffer' is missing the following properties from type 'ArrayBuffer': resizable, resize, detached, transfer, transferToFixedLength
node_modules/@supabase/realtime-js/src/RealtimeClient.ts(531,39): error TS2556: A spread argument must either have a tuple type or be passed to a rest parameter.
node_modules/@supabase/realtime-js/src/RealtimeClient.ts(533,31): error TS2556: A spread argument must either have a tuple type or be passed to a rest parameter.
services/supabase.ts(3,33): error TS2339: Property 'env' does not exist on type 'ImportMeta'.
services/supabase.ts(4,37): error TS2339: Property 'env' does not exist on type 'ImportMeta'.
